EmitSkipped: false
FileName : tests/cases/fourslash/inputFile.js.map
{"version":3,"file":"inputFile.js","sourceRoot":"","sources":["inputFile.ts"],"names":[],"mappings":""}FileName : tests/cases/fourslash/inputFile.js
var x = 109;
var foo = "hello world";
var M = (function () {
    function M() {
    }
    return M;
}());
//# sourceMappingURL=inputFile.js.map
